Rc files read:
  /etc/LatexMk
  .latexmkrc
Latexmk: This is Latexmk, John Collins, 31 Jan. 2024. Version 4.83.
Latexmk: applying rule 'pdflatex'...
Rule 'pdflatex':  Reasons for rerun
Changed files or newly in use/created:
  main.tex
Category 'changed_user':
  main.tex

------------
Run number 1 of rule 'pdflatex'
------------
------------
Running 'pdflatex  -interaction=nonstopmode -halt-on-error -recorder -output-directory="build"  "main.tex"'
------------
This is pdfTeX, Version 3.141592653-2.6-1.40.25 (TeX Live 2023/Debian) (preloaded format=pdflatex)
 restricted \write18 enabled.
entering extended mode
(./main.tex
LaTeX2e <2023-11-01> patch level 1
L3 programming layer <2024-01-22>
(/tmp/censorship-reframe-texdeps/acmart.cls
Document Class: acmart 2026/08/16 v2.20 Typesetting articles for the Associatio
n for Computing Machinery
(/usr/share/texlive/texmf-dist/tex/latex/xkeyval/xkeyval.sty
(/usr/share/texlive/texmf-dist/tex/generic/xkeyval/xkeyval.tex
(/usr/share/texlive/texmf-dist/tex/generic/xkeyval/xkvutils.tex
(/usr/share/texlive/texmf-dist/tex/generic/xkeyval/keyval.tex))))
(/usr/share/texlive/texmf-dist/tex/generic/xstring/xstring.sty
(/usr/share/texlive/texmf-dist/tex/generic/xstring/xstring.tex))
(/usr/share/texlive/texmf-dist/tex/generic/iftex/iftex.sty)
(/usr/share/texlive/texmf-dist/tex/latex/amscls/amsart.cls
Document Class: amsart 2020/05/29 v2.20.6
(/usr/share/texlive/texmf-dist/tex/latex/amsmath/amsmath.sty
For additional information on amsmath, use the `?' option.
(/usr/share/texlive/texmf-dist/tex/latex/amsmath/amstext.sty
(/usr/share/texlive/texmf-dist/tex/latex/amsmath/amsgen.sty))
(/usr/share/texlive/texmf-dist/tex/latex/amsmath/amsbsy.sty)
(/usr/share/texlive/texmf-dist/tex/latex/amsmath/amsopn.sty))
(/usr/share/texlive/texmf-dist/tex/latex/amsfonts/umsa.fd)
(/usr/share/texlive/texmf-dist/tex/latex/amsfonts/amsfonts.sty))
(/usr/share/texlive/texmf-dist/tex/latex/microtype/microtype.sty
(/usr/share/texlive/texmf-dist/tex/latex/etoolbox/etoolbox.sty)
(/usr/share/texlive/texmf-dist/tex/latex/microtype/microtype-pdftex.def)
(/usr/share/texlive/texmf-dist/tex/latex/microtype/microtype.cfg))
(/usr/share/texlive/texmf-dist/tex/latex/booktabs/booktabs.sty)
(/usr/share/texlive/texmf-dist/tex/latex/refcount/refcount.sty
(/usr/share/texlive/texmf-dist/tex/generic/ltxcmds/ltxcmds.sty)
(/usr/share/texlive/texmf-dist/tex/generic/infwarerr/infwarerr.sty))
(/usr/share/texlive/texmf-dist/tex/latex/totpages/totpages.sty
(/usr/share/texlive/texmf-dist/tex/latex/everyshi/everyshi.sty))
(/usr/share/texlive/texmf-dist/tex/latex/environ/environ.sty
(/usr/share/texlive/texmf-dist/tex/latex/trimspaces/trimspaces.sty))
(/usr/share/texlive/texmf-dist/tex/latex/natbib/natbib.sty)
(/usr/share/texlive/texmf-dist/tex/latex/hyperref/hyperref.sty
(/usr/share/texlive/texmf-dist/tex/latex/kvsetkeys/kvsetkeys.sty)
(/usr/share/texlive/texmf-dist/tex/generic/kvdefinekeys/kvdefinekeys.sty)
(/usr/share/texlive/texmf-dist/tex/generic/pdfescape/pdfescape.sty
(/usr/share/texlive/texmf-dist/tex/generic/pdftexcmds/pdftexcmds.sty))
(/usr/share/texlive/texmf-dist/tex/latex/hycolor/hycolor.sty)
(/usr/share/texlive/texmf-dist/tex/latex/auxhook/auxhook.sty)
(/usr/share/texlive/texmf-dist/tex/latex/hyperref/nameref.sty
(/usr/share/texlive/texmf-dist/tex/generic/gettitlestring/gettitlestring.sty
(/usr/share/texlive/texmf-dist/tex/latex/kvoptions/kvoptions.sty)))
(/usr/share/texlive/texmf-dist/tex/latex/hyperref/pd1enc.def)
(/usr/share/texlive/texmf-dist/tex/generic/intcalc/intcalc.sty)
(/usr/share/texlive/texmf-dist/tex/latex/hyperref/puenc.def)
(/usr/share/texlive/texmf-dist/tex/latex/url/url.sty)
(/usr/share/texlive/texmf-dist/tex/generic/bitset/bitset.sty
(/usr/share/texlive/texmf-dist/tex/generic/bigintcalc/bigintcalc.sty))
(/usr/share/texlive/texmf-dist/tex/latex/base/atbegshi-ltx.sty))
(/usr/share/texlive/texmf-dist/tex/latex/hyperref/hpdftex.def
(/usr/share/texlive/texmf-dist/tex/latex/base/atveryend-ltx.sty)
(/usr/share/texlive/texmf-dist/tex/latex/rerunfilecheck/rerunfilecheck.sty
(/usr/share/texlive/texmf-dist/tex/generic/uniquecounter/uniquecounter.sty)))
(/usr/share/texlive/texmf-dist/tex/latex/hyperxmp/hyperxmp.sty
(/usr/share/texlive/texmf-dist/tex/generic/stringenc/stringenc.sty)
(/usr/share/texlive/texmf-dist/tex/latex/ifmtarg/ifmtarg.sty)
(/usr/share/texlive/texmf-dist/tex/latex/base/ifthen.sty)
(/usr/share/texlive/texmf-dist/tex/latex/oberdiek/ifdraft.sty)
(/usr/share/texlive/texmf-dist/tex/generic/iftex/ifluatex.sty))
(/usr/share/texlive/texmf-dist/tex/latex/graphics/graphicx.sty
(/usr/share/texlive/texmf-dist/tex/latex/graphics/graphics.sty
(/usr/share/texlive/texmf-dist/tex/latex/graphics/trig.sty)
(/usr/share/texlive/texmf-dist/tex/latex/graphics-cfg/graphics.cfg)
(/usr/share/texlive/texmf-dist/tex/latex/graphics-def/pdftex.def)))
(/usr/share/texlive/texmf-dist/tex/latex/xcolor/xcolor.sty
(/usr/share/texlive/texmf-dist/tex/latex/graphics-cfg/color.cfg)
(/usr/share/texlive/texmf-dist/tex/latex/graphics/mathcolor.ltx))
(/usr/share/texlive/texmf-dist/tex/latex/geometry/geometry.sty
(/usr/share/texlive/texmf-dist/tex/generic/iftex/ifvtex.sty))
(/home/k1y9/texmf/tex/latex/ncctools/manyfoot.sty
(/home/k1y9/texmf/tex/latex/ncctools/nccfoots.sty))
(/usr/share/texlive/texmf-dist/tex/generic/pdftex/glyphtounicode.tex)
(/usr/share/texlive/texmf-dist/tex/latex/cmap/cmap.sty)
(/usr/share/texlive/texmf-dist/tex/latex/base/fontenc.sty<<t1.cmap>>)
(/home/k1y9/texmf/tex/latex/libertine/libertine.sty
(/usr/share/texlive/texmf-dist/tex/generic/iftex/ifxetex.sty)
(/usr/share/texlive/texmf-dist/tex/latex/base/textcomp.sty)
(/usr/share/texlive/texmf-dist/tex/latex/base/fontenc.sty)
(/usr/share/texlive/texmf-dist/tex/latex/fontaxes/fontaxes.sty)
(/home/k1y9/texmf/tex/latex/libertine/LinLibertine_I.tex))
(/home/k1y9/texmf/tex/latex/inconsolata/zi4.sty
`inconsolata-zi4' v1.12, 2019/05/17 Text macros for Inconsolata (msharpe))
(/home/k1y9/texmf/tex/latex/newtx/newtxmath.sty
`newtxmath' v1.742, 2024/03/06 Math macros based originally on txfonts (msharpe
) (/usr/share/texlive/texmf-dist/tex/latex/oberdiek/centernot.sty)
(/usr/share/texlive/texmf-dist/tex/generic/kastrup/binhex.tex)
amsthm NOT loaded
) (/usr/share/texlive/texmf-dist/tex/latex/psnfss/pifont.sty
(/usr/share/texlive/texmf-dist/tex/latex/psnfss/upzd.fd)
(/usr/share/texlive/texmf-dist/tex/latex/psnfss/upsy.fd))
(/usr/share/texlive/texmf-dist/tex/latex/caption/caption.sty
(/usr/share/texlive/texmf-dist/tex/latex/caption/caption3.sty
(/usr/share/texlive/texmf-dist/tex/latex/caption/caption-ams-smf.sto)))
(/usr/share/texlive/texmf-dist/tex/latex/float/float.sty)
(/usr/share/texlive/texmf-dist/tex/latex/comment/comment.sty
Excluding comment 'comment') Excluding comment 'CCSXML'
(/usr/share/texlive/texmf-dist/tex/latex/fancyhdr/fancyhdr.sty)
Special comment 'acks'
(/home/k1y9/texmf/tex/latex/libertine/T1LinuxLibertineT-TLF.fd))
(/usr/share/texlive/texmf-dist/tex/latex/listings/listings.sty
(/usr/share/texlive/texmf-dist/tex/latex/listings/lstmisc.sty)
(/usr/share/texlive/texmf-dist/tex/latex/listings/listings.cfg))
(/home/k1y9/texmf/tex/latex/preprint/balance.sty)
Excluding comment 'screenonly' Include comment 'printonly'
Excluding comment 'anonsuppress' Excluding comment 'acks'
(/usr/share/texlive/texmf-dist/tex/latex/l3backend/l3backend-pdftex.def)
(build/main.aux) (/home/k1y9/texmf/tex/latex/newtx/omlnxlmi.fd)
(/home/k1y9/texmf/tex/latex/newtx/untxexa.fd)
(/home/k1y9/texmf/tex/latex/newtx/lmsntxsy.fd)
(/home/k1y9/texmf/tex/latex/newtx/lmxntxexx.fd)
(/home/k1y9/texmf/tex/latex/libertine/OT1LinuxLibertineT-TLF.fd)<<ot1.cmap>><<o
ml.cmap>> (/usr/share/texlive/texmf-dist/tex/latex/amsfonts/umsa.fd)
(/usr/share/texlive/texmf-dist/tex/latex/amsfonts/umsb.fd)
(/home/k1y9/texmf/tex/latex/newtx/untxmia.fd)
(/home/k1y9/texmf/tex/latex/newtx/untxsym.fd)
(/home/k1y9/texmf/tex/latex/newtx/untxsyc.fd) (build/main.out) (build/main.out)
(/usr/share/texlive/texmf-dist/tex/context/base/mkii/supp-pdf.mkii
[Loading MPS to PDF converter (version 2006.09.02).]
) (/usr/share/texlive/texmf-dist/tex/latex/epstopdf-pkg/epstopdf-base.sty
(/usr/share/texlive/texmf-dist/tex/latex/latexconfig/epstopdf-sys.cfg))
*geometry* driver: auto-detecting
*geometry* detected driver: pdftex
(/usr/share/texlive/texmf-dist/tex/latex/upquote/upquote.sty)
(./paper_numbers.tex) (./measurement_audit_numbers.tex)
(/home/k1y9/texmf/tex/latex/libertine/T1LinuxBiolinumT-TLF.fd)
Underfull \hbox (badness 1371) in paragraph at lines 74--76
[]\T1/LinuxLibertineT-TLF/m/n/9 (+20) Which ac-tions and scoped
(/usr/share/texlive/texmf-dist/tex/latex/microtype/mt-msa.cfg)
(/usr/share/texlive/texmf-dist/tex/latex/microtype/mt-msb.cfg) [1.1{/home/k1y9/
.texlive2023/texmf-var/fonts/map/pdftex/updmap/pdftex.map}{/home/k1y9/texmf/fon
ts/enc/dvips/libertine/lbtn_76gpa5.enc}{/home/k1y9/texmf/fonts/enc/dvips/libert
ine/lbtn_25tcsq.enc}{/home/k1y9/texmf/fonts/enc/dvips/libertine/lbtn_nh77jq.enc
}{/home/k1y9/texmf/fonts/enc/dvips/libertine/lbtn_7grukw.enc}]
(/home/k1y9/texmf/tex/latex/inconsolata/t1zi4.fd)
Underfull \vbox (badness 2653) has occurred while \output is active [2.2]
[3.3{/home/k1y9/texmf/fonts/enc/dvips/inconsolata/i4-t1-4.enc}{/home/k1y9/texmf
/fonts/enc/dvips/libertine/lbtn_oexx6f.enc} <./figs/fig2_corpus_composition.pdf
>]
Underfull \hbox (badness 3460) in paragraph at lines 396--402
\T1/LinuxLibertineT-TLF/m/n/9 (+20) announcement cor-pus. The $\T1/zi4/m/n/9 ch
ina -[] fentanyl -[] network -[] ofac -[]
[4.4 <./figs/fig1_tornado_fanout.pdf> <./figs/fig5_jurisdiction_concentration.p
df>] [5.5]
Underfull \hbox (badness 1297) in paragraph at lines 624--625
\T1/LinuxLibertineT-TLF/m/it/7 (+20) Ethereum Con-sen-sus Mech-a-nism\T1/LinuxL
ibertineT-TLF/m/n/7 (+20) , in Proc. IEEE ICBC, 2025, pp. 109--113,
[6.6]
Underfull \hbox (badness 7722) in paragraph at lines 635--636
[]\T1/LinuxLibertineT-TLF/m/n/7 (+20) R. Sun-dara Ra-man, P. Shenoy, K. Kohls, 
and R. En-safi, ``Cen-sored

Underfull \hbox (badness 1117) in paragraph at lines 635--636
\T1/LinuxLibertineT-TLF/m/n/7 (+20) Planet: An Internet-wide, Lon-gi-tu-di-nal 
Cen-sor-ship Ob-ser-va-tory,'' in \T1/LinuxLibertineT-TLF/m/it/7 (+20) Proc.

Underfull \hbox (badness 1460) in paragraph at lines 635--636
\T1/LinuxLibertineT-TLF/m/it/7 (+20) ACM SIGSAC Conf. Com-puter and Com-mu-ni-c
a-tions Se-cu-rity (CCS)\T1/LinuxLibertineT-TLF/m/n/7 (+20) , 2020,

Underfull \hbox (badness 6461) in paragraph at lines 644--645
[]\T1/LinuxLibertineT-TLF/m/n/7 (+20) N. Borri and K. Shakhnov, ``Reg-u-la-tion
 Spillovers Across Cryp-tocur-

Underfull \hbox (badness 10000) in paragraph at lines 644--645
\T1/LinuxLibertineT-TLF/m/n/7 (+20) rency Mar-kets,'' \T1/LinuxLibertineT-TLF/m
/it/7 (+20) Fi-nance Re-search Let-ters\T1/LinuxLibertineT-TLF/m/n/7 (+20) , vo
l. 36, art. 101333, 2020,

Underfull \hbox (badness 2564) in paragraph at lines 649--650
[]\T1/LinuxLibertineT-TLF/m/n/7 (+20) R. Art-stein and M. Poe-sio, ``Inter-Code
r Agree-ment for Com-pu-ta-tional

Underfull \hbox (badness 1253) in paragraph at lines 649--650
\T1/LinuxLibertineT-TLF/m/n/7 (+20) Lin-guis-tics,'' \T1/LinuxLibertineT-TLF/m/
it/7 (+20) Com-pu-ta-tional Lin-guis-tics\T1/LinuxLibertineT-TLF/m/n/7 (+20) , 
vol. 34, no. 4, pp. 555--596, 2008,

Underfull \hbox (badness 10000) in paragraph at lines 664--665
[]\T1/LinuxLibertineT-TLF/m/n/7 (+20) J. Co-hen, ``A co-ef-fi-cient of agree-me
nt for nom-i-nal scales,'' \T1/LinuxLibertineT-TLF/m/it/7 (+20) Ed-u-ca-

Underfull \hbox (badness 3333) in paragraph at lines 664--665
\T1/LinuxLibertineT-TLF/m/it/7 (+20) tional and Psy-cho-log-i-cal Mea-sure-ment
\T1/LinuxLibertineT-TLF/m/n/7 (+20) , vol. 20, no. 1, pp. 37--46, 1960,

Overfull \vbox (1.1135pt too high) has occurred while \output is active
(/usr/share/texlive/texmf-dist/tex/generic/stringenc/se-pdfdoc.def)
(/usr/share/texlive/texmf-dist/tex/generic/stringenc/se-utf8.def) [7.7]
(build/main.aux)

LaTeX Warning: Label(s) may have changed. Rerun to get cross-references right.

 )
(see the transcript file for additional information)</home/k1y9/texmf/fonts/typ
e1/public/inconsolata/Inconsolata-zi4r.pfb></home/k1y9/texmf/fonts/type1/public
/newtx/LibertineMathMI.pfb></home/k1y9/texmf/fonts/type1/public/newtx/Libertine
MathMI7.pfb></home/k1y9/texmf/fonts/type1/public/libertine/LinBiolinumT.pfb></h
ome/k1y9/texmf/fonts/type1/public/libertine/LinBiolinumTB.pfb></home/k1y9/texmf
/fonts/type1/public/libertine/LinLibertineT.pfb></home/k1y9/texmf/fonts/type1/p
ublic/libertine/LinLibertineTB.pfb></home/k1y9/texmf/fonts/type1/public/liberti
ne/LinLibertineTI.pfb></home/k1y9/texmf/fonts/type1/public/newtx/NewTXMI.pfb></
home/k1y9/texmf/fonts/type1/public/newtx/txmiaX.pfb></home/k1y9/texmf/fonts/typ
e1/public/newtx/txsys.pfb>
Output written on build/main.pdf (7 pages, 513785 bytes).
Transcript written on build/main.log.
Latexmk: Getting log file 'build/main.log'
Latexmk: Examining 'build/main.fls'
Latexmk: Examining 'build/main.log'
Latexmk: References changed.
Latexmk: Log file says output to 'build/main.pdf'
Latexmk: applying rule 'pdflatex'...
Rule 'pdflatex':  Reasons for rerun
Changed files or newly in use/created:
  build/main.aux

------------
Run number 2 of rule 'pdflatex'
------------
------------
Running 'pdflatex  -interaction=nonstopmode -halt-on-error -recorder -output-directory="build"  "main.tex"'
------------
This is pdfTeX, Version 3.141592653-2.6-1.40.25 (TeX Live 2023/Debian) (preloaded format=pdflatex)
 restricted \write18 enabled.
entering extended mode
(./main.tex
LaTeX2e <2023-11-01> patch level 1
L3 programming layer <2024-01-22>
(/tmp/censorship-reframe-texdeps/acmart.cls
Document Class: acmart 2026/08/16 v2.20 Typesetting articles for the Associatio
n for Computing Machinery
(/usr/share/texlive/texmf-dist/tex/latex/xkeyval/xkeyval.sty
(/usr/share/texlive/texmf-dist/tex/generic/xkeyval/xkeyval.tex
(/usr/share/texlive/texmf-dist/tex/generic/xkeyval/xkvutils.tex
(/usr/share/texlive/texmf-dist/tex/generic/xkeyval/keyval.tex))))
(/usr/share/texlive/texmf-dist/tex/generic/xstring/xstring.sty
(/usr/share/texlive/texmf-dist/tex/generic/xstring/xstring.tex))
(/usr/share/texlive/texmf-dist/tex/generic/iftex/iftex.sty)
(/usr/share/texlive/texmf-dist/tex/latex/amscls/amsart.cls
Document Class: amsart 2020/05/29 v2.20.6
(/usr/share/texlive/texmf-dist/tex/latex/amsmath/amsmath.sty
For additional information on amsmath, use the `?' option.
(/usr/share/texlive/texmf-dist/tex/latex/amsmath/amstext.sty
(/usr/share/texlive/texmf-dist/tex/latex/amsmath/amsgen.sty))
(/usr/share/texlive/texmf-dist/tex/latex/amsmath/amsbsy.sty)
(/usr/share/texlive/texmf-dist/tex/latex/amsmath/amsopn.sty))
(/usr/share/texlive/texmf-dist/tex/latex/amsfonts/umsa.fd)
(/usr/share/texlive/texmf-dist/tex/latex/amsfonts/amsfonts.sty))
(/usr/share/texlive/texmf-dist/tex/latex/microtype/microtype.sty
(/usr/share/texlive/texmf-dist/tex/latex/etoolbox/etoolbox.sty)
(/usr/share/texlive/texmf-dist/tex/latex/microtype/microtype-pdftex.def)
(/usr/share/texlive/texmf-dist/tex/latex/microtype/microtype.cfg))
(/usr/share/texlive/texmf-dist/tex/latex/booktabs/booktabs.sty)
(/usr/share/texlive/texmf-dist/tex/latex/refcount/refcount.sty
(/usr/share/texlive/texmf-dist/tex/generic/ltxcmds/ltxcmds.sty)
(/usr/share/texlive/texmf-dist/tex/generic/infwarerr/infwarerr.sty))
(/usr/share/texlive/texmf-dist/tex/latex/totpages/totpages.sty
(/usr/share/texlive/texmf-dist/tex/latex/everyshi/everyshi.sty))
(/usr/share/texlive/texmf-dist/tex/latex/environ/environ.sty
(/usr/share/texlive/texmf-dist/tex/latex/trimspaces/trimspaces.sty))
(/usr/share/texlive/texmf-dist/tex/latex/natbib/natbib.sty)
(/usr/share/texlive/texmf-dist/tex/latex/hyperref/hyperref.sty
(/usr/share/texlive/texmf-dist/tex/latex/kvsetkeys/kvsetkeys.sty)
(/usr/share/texlive/texmf-dist/tex/generic/kvdefinekeys/kvdefinekeys.sty)
(/usr/share/texlive/texmf-dist/tex/generic/pdfescape/pdfescape.sty
(/usr/share/texlive/texmf-dist/tex/generic/pdftexcmds/pdftexcmds.sty))
(/usr/share/texlive/texmf-dist/tex/latex/hycolor/hycolor.sty)
(/usr/share/texlive/texmf-dist/tex/latex/auxhook/auxhook.sty)
(/usr/share/texlive/texmf-dist/tex/latex/hyperref/nameref.sty
(/usr/share/texlive/texmf-dist/tex/generic/gettitlestring/gettitlestring.sty
(/usr/share/texlive/texmf-dist/tex/latex/kvoptions/kvoptions.sty)))
(/usr/share/texlive/texmf-dist/tex/latex/hyperref/pd1enc.def)
(/usr/share/texlive/texmf-dist/tex/generic/intcalc/intcalc.sty)
(/usr/share/texlive/texmf-dist/tex/latex/hyperref/puenc.def)
(/usr/share/texlive/texmf-dist/tex/latex/url/url.sty)
(/usr/share/texlive/texmf-dist/tex/generic/bitset/bitset.sty
(/usr/share/texlive/texmf-dist/tex/generic/bigintcalc/bigintcalc.sty))
(/usr/share/texlive/texmf-dist/tex/latex/base/atbegshi-ltx.sty))
(/usr/share/texlive/texmf-dist/tex/latex/hyperref/hpdftex.def
(/usr/share/texlive/texmf-dist/tex/latex/base/atveryend-ltx.sty)
(/usr/share/texlive/texmf-dist/tex/latex/rerunfilecheck/rerunfilecheck.sty
(/usr/share/texlive/texmf-dist/tex/generic/uniquecounter/uniquecounter.sty)))
(/usr/share/texlive/texmf-dist/tex/latex/hyperxmp/hyperxmp.sty
(/usr/share/texlive/texmf-dist/tex/generic/stringenc/stringenc.sty)
(/usr/share/texlive/texmf-dist/tex/latex/ifmtarg/ifmtarg.sty)
(/usr/share/texlive/texmf-dist/tex/latex/base/ifthen.sty)
(/usr/share/texlive/texmf-dist/tex/latex/oberdiek/ifdraft.sty)
(/usr/share/texlive/texmf-dist/tex/generic/iftex/ifluatex.sty))
(/usr/share/texlive/texmf-dist/tex/latex/graphics/graphicx.sty
(/usr/share/texlive/texmf-dist/tex/latex/graphics/graphics.sty
(/usr/share/texlive/texmf-dist/tex/latex/graphics/trig.sty)
(/usr/share/texlive/texmf-dist/tex/latex/graphics-cfg/graphics.cfg)
(/usr/share/texlive/texmf-dist/tex/latex/graphics-def/pdftex.def)))
(/usr/share/texlive/texmf-dist/tex/latex/xcolor/xcolor.sty
(/usr/share/texlive/texmf-dist/tex/latex/graphics-cfg/color.cfg)
(/usr/share/texlive/texmf-dist/tex/latex/graphics/mathcolor.ltx))
(/usr/share/texlive/texmf-dist/tex/latex/geometry/geometry.sty
(/usr/share/texlive/texmf-dist/tex/generic/iftex/ifvtex.sty))
(/home/k1y9/texmf/tex/latex/ncctools/manyfoot.sty
(/home/k1y9/texmf/tex/latex/ncctools/nccfoots.sty))
(/usr/share/texlive/texmf-dist/tex/generic/pdftex/glyphtounicode.tex)
(/usr/share/texlive/texmf-dist/tex/latex/cmap/cmap.sty)
(/usr/share/texlive/texmf-dist/tex/latex/base/fontenc.sty<<t1.cmap>>)
(/home/k1y9/texmf/tex/latex/libertine/libertine.sty
(/usr/share/texlive/texmf-dist/tex/generic/iftex/ifxetex.sty)
(/usr/share/texlive/texmf-dist/tex/latex/base/textcomp.sty)
(/usr/share/texlive/texmf-dist/tex/latex/base/fontenc.sty)
(/usr/share/texlive/texmf-dist/tex/latex/fontaxes/fontaxes.sty)
(/home/k1y9/texmf/tex/latex/libertine/LinLibertine_I.tex))
(/home/k1y9/texmf/tex/latex/inconsolata/zi4.sty
`inconsolata-zi4' v1.12, 2019/05/17 Text macros for Inconsolata (msharpe))
(/home/k1y9/texmf/tex/latex/newtx/newtxmath.sty
`newtxmath' v1.742, 2024/03/06 Math macros based originally on txfonts (msharpe
) (/usr/share/texlive/texmf-dist/tex/latex/oberdiek/centernot.sty)
(/usr/share/texlive/texmf-dist/tex/generic/kastrup/binhex.tex)
amsthm NOT loaded
) (/usr/share/texlive/texmf-dist/tex/latex/psnfss/pifont.sty
(/usr/share/texlive/texmf-dist/tex/latex/psnfss/upzd.fd)
(/usr/share/texlive/texmf-dist/tex/latex/psnfss/upsy.fd))
(/usr/share/texlive/texmf-dist/tex/latex/caption/caption.sty
(/usr/share/texlive/texmf-dist/tex/latex/caption/caption3.sty
(/usr/share/texlive/texmf-dist/tex/latex/caption/caption-ams-smf.sto)))
(/usr/share/texlive/texmf-dist/tex/latex/float/float.sty)
(/usr/share/texlive/texmf-dist/tex/latex/comment/comment.sty
Excluding comment 'comment') Excluding comment 'CCSXML'
(/usr/share/texlive/texmf-dist/tex/latex/fancyhdr/fancyhdr.sty)
Special comment 'acks'
(/home/k1y9/texmf/tex/latex/libertine/T1LinuxLibertineT-TLF.fd))
(/usr/share/texlive/texmf-dist/tex/latex/listings/listings.sty
(/usr/share/texlive/texmf-dist/tex/latex/listings/lstmisc.sty)
(/usr/share/texlive/texmf-dist/tex/latex/listings/listings.cfg))
(/home/k1y9/texmf/tex/latex/preprint/balance.sty)
Excluding comment 'screenonly' Include comment 'printonly'
Excluding comment 'anonsuppress' Excluding comment 'acks'
(/usr/share/texlive/texmf-dist/tex/latex/l3backend/l3backend-pdftex.def)
(build/main.aux) (/home/k1y9/texmf/tex/latex/newtx/omlnxlmi.fd)
(/home/k1y9/texmf/tex/latex/newtx/untxexa.fd)
(/home/k1y9/texmf/tex/latex/newtx/lmsntxsy.fd)
(/home/k1y9/texmf/tex/latex/newtx/lmxntxexx.fd)
(/home/k1y9/texmf/tex/latex/libertine/OT1LinuxLibertineT-TLF.fd)<<ot1.cmap>><<o
ml.cmap>> (/usr/share/texlive/texmf-dist/tex/latex/amsfonts/umsa.fd)
(/usr/share/texlive/texmf-dist/tex/latex/amsfonts/umsb.fd)
(/home/k1y9/texmf/tex/latex/newtx/untxmia.fd)
(/home/k1y9/texmf/tex/latex/newtx/untxsym.fd)
(/home/k1y9/texmf/tex/latex/newtx/untxsyc.fd) (build/main.out) (build/main.out)
(/usr/share/texlive/texmf-dist/tex/context/base/mkii/supp-pdf.mkii
[Loading MPS to PDF converter (version 2006.09.02).]
) (/usr/share/texlive/texmf-dist/tex/latex/epstopdf-pkg/epstopdf-base.sty
(/usr/share/texlive/texmf-dist/tex/latex/latexconfig/epstopdf-sys.cfg))
*geometry* driver: auto-detecting
*geometry* detected driver: pdftex
(/usr/share/texlive/texmf-dist/tex/latex/upquote/upquote.sty)
(./paper_numbers.tex) (./measurement_audit_numbers.tex)
(/home/k1y9/texmf/tex/latex/libertine/T1LinuxBiolinumT-TLF.fd)
Underfull \hbox (badness 1371) in paragraph at lines 74--76
[]\T1/LinuxLibertineT-TLF/m/n/9 (+20) Which ac-tions and scoped
(/usr/share/texlive/texmf-dist/tex/latex/microtype/mt-msa.cfg)
(/usr/share/texlive/texmf-dist/tex/latex/microtype/mt-msb.cfg) [1.1{/home/k1y9/
.texlive2023/texmf-var/fonts/map/pdftex/updmap/pdftex.map}{/home/k1y9/texmf/fon
ts/enc/dvips/libertine/lbtn_76gpa5.enc}{/home/k1y9/texmf/fonts/enc/dvips/libert
ine/lbtn_25tcsq.enc}{/home/k1y9/texmf/fonts/enc/dvips/libertine/lbtn_nh77jq.enc
}{/home/k1y9/texmf/fonts/enc/dvips/libertine/lbtn_7grukw.enc}]
(/home/k1y9/texmf/tex/latex/inconsolata/t1zi4.fd)
Underfull \vbox (badness 2653) has occurred while \output is active [2.2]
[3.3{/home/k1y9/texmf/fonts/enc/dvips/inconsolata/i4-t1-4.enc}{/home/k1y9/texmf
/fonts/enc/dvips/libertine/lbtn_oexx6f.enc} <./figs/fig2_corpus_composition.pdf
>]
Underfull \hbox (badness 3460) in paragraph at lines 396--402
\T1/LinuxLibertineT-TLF/m/n/9 (+20) announcement cor-pus. The $\T1/zi4/m/n/9 ch
ina -[] fentanyl -[] network -[] ofac -[]
[4.4 <./figs/fig1_tornado_fanout.pdf> <./figs/fig5_jurisdiction_concentration.p
df>] [5.5]
Underfull \hbox (badness 1297) in paragraph at lines 624--625
\T1/LinuxLibertineT-TLF/m/it/7 (+20) Ethereum Con-sen-sus Mech-a-nism\T1/LinuxL
ibertineT-TLF/m/n/7 (+20) , in Proc. IEEE ICBC, 2025, pp. 109--113,
[6.6]
Underfull \hbox (badness 7722) in paragraph at lines 635--636
[]\T1/LinuxLibertineT-TLF/m/n/7 (+20) R. Sun-dara Ra-man, P. Shenoy, K. Kohls, 
and R. En-safi, ``Cen-sored

Underfull \hbox (badness 1117) in paragraph at lines 635--636
\T1/LinuxLibertineT-TLF/m/n/7 (+20) Planet: An Internet-wide, Lon-gi-tu-di-nal 
Cen-sor-ship Ob-ser-va-tory,'' in \T1/LinuxLibertineT-TLF/m/it/7 (+20) Proc.

Underfull \hbox (badness 1460) in paragraph at lines 635--636
\T1/LinuxLibertineT-TLF/m/it/7 (+20) ACM SIGSAC Conf. Com-puter and Com-mu-ni-c
a-tions Se-cu-rity (CCS)\T1/LinuxLibertineT-TLF/m/n/7 (+20) , 2020,

Underfull \hbox (badness 6461) in paragraph at lines 644--645
[]\T1/LinuxLibertineT-TLF/m/n/7 (+20) N. Borri and K. Shakhnov, ``Reg-u-la-tion
 Spillovers Across Cryp-tocur-

Underfull \hbox (badness 10000) in paragraph at lines 644--645
\T1/LinuxLibertineT-TLF/m/n/7 (+20) rency Mar-kets,'' \T1/LinuxLibertineT-TLF/m
/it/7 (+20) Fi-nance Re-search Let-ters\T1/LinuxLibertineT-TLF/m/n/7 (+20) , vo
l. 36, art. 101333, 2020,

Underfull \hbox (badness 2564) in paragraph at lines 649--650
[]\T1/LinuxLibertineT-TLF/m/n/7 (+20) R. Art-stein and M. Poe-sio, ``Inter-Code
r Agree-ment for Com-pu-ta-tional

Underfull \hbox (badness 1253) in paragraph at lines 649--650
\T1/LinuxLibertineT-TLF/m/n/7 (+20) Lin-guis-tics,'' \T1/LinuxLibertineT-TLF/m/
it/7 (+20) Com-pu-ta-tional Lin-guis-tics\T1/LinuxLibertineT-TLF/m/n/7 (+20) , 
vol. 34, no. 4, pp. 555--596, 2008,

Underfull \hbox (badness 10000) in paragraph at lines 664--665
[]\T1/LinuxLibertineT-TLF/m/n/7 (+20) J. Co-hen, ``A co-ef-fi-cient of agree-me
nt for nom-i-nal scales,'' \T1/LinuxLibertineT-TLF/m/it/7 (+20) Ed-u-ca-

Underfull \hbox (badness 3333) in paragraph at lines 664--665
\T1/LinuxLibertineT-TLF/m/it/7 (+20) tional and Psy-cho-log-i-cal Mea-sure-ment
\T1/LinuxLibertineT-TLF/m/n/7 (+20) , vol. 20, no. 1, pp. 37--46, 1960,

Overfull \vbox (1.1135pt too high) has occurred while \output is active
(/usr/share/texlive/texmf-dist/tex/generic/stringenc/se-pdfdoc.def)
(/usr/share/texlive/texmf-dist/tex/generic/stringenc/se-utf8.def) [7.7]
(build/main.aux) )
(see the transcript file for additional information)</home/k1y9/texmf/fonts/typ
e1/public/inconsolata/Inconsolata-zi4r.pfb></home/k1y9/texmf/fonts/type1/public
/newtx/LibertineMathMI.pfb></home/k1y9/texmf/fonts/type1/public/newtx/Libertine
MathMI7.pfb></home/k1y9/texmf/fonts/type1/public/libertine/LinBiolinumT.pfb></h
ome/k1y9/texmf/fonts/type1/public/libertine/LinBiolinumTB.pfb></home/k1y9/texmf
/fonts/type1/public/libertine/LinLibertineT.pfb></home/k1y9/texmf/fonts/type1/p
ublic/libertine/LinLibertineTB.pfb></home/k1y9/texmf/fonts/type1/public/liberti
ne/LinLibertineTI.pfb></home/k1y9/texmf/fonts/type1/public/newtx/NewTXMI.pfb></
home/k1y9/texmf/fonts/type1/public/newtx/txmiaX.pfb></home/k1y9/texmf/fonts/typ
e1/public/newtx/txsys.pfb>
Output written on build/main.pdf (7 pages, 513785 bytes).
Transcript written on build/main.log.
Latexmk: Getting log file 'build/main.log'
Latexmk: Examining 'build/main.fls'
Latexmk: Examining 'build/main.log'
Latexmk: Log file says output to 'build/main.pdf'
Latexmk: All targets (build/main.pdf) are up-to-date

